MIF/HEX Update report for skeleton
Tue Apr 26 23:35:31 2016
Quartus Prime Version 15.1.0 Build 185 10/21/2015 SJ Lite Edition


---------------------
; Table of Contents ;
---------------------
  1. Legal Notice
  2. MIF/HEX Update Summary
  3. MIF/HEX Update Processed Files
  4. MIF/HEX Update Messages



----------------
; Legal Notice ;
----------------
Copyright (C) 1991-2015 Altera Corporation. All rights reserved.
Your use of Altera Corporation's design tools, logic functions 
and other software and tools, and its AMPP partner logic 
functions, and any output files from any of the foregoing 
(including device programming or simulation files), and any 
associated documentation or information are expressly subject 
to the terms and conditions of the Altera Program License 
Subscription Agreement, the Altera Quartus Prime License Agreement,
the Altera MegaCore Function License Agreement, or other 
applicable license agreement, including, without limitation, 
that your use is for the sole purpose of programming logic 
devices manufactured by Altera and sold by Altera or its 
authorized distributors.  Please refer to the applicable 
agreement for further details.



+---------------------------------------------------------------+
; MIF/HEX Update Summary                                        ;
+-----------------------+---------------------------------------+
; MIF/HEX Update Status ; Successful - Tue Apr 26 23:35:31 2016 ;
; Revision Name         ; skeleton                              ;
; Top-level Entity Name ; processor                             ;
; Family                ; Cyclone IV E                          ;
; Device                ; EP4CE115F29C8                         ;
+-----------------------+---------------------------------------+


+---------------------------------+
; MIF/HEX Update Processed Files  ;
+---------------------------------+
; File Name                       ;
+---------------------------------+
; C:/altera_lite/15.1/P5/dmem.mif ;
; C:/altera_lite/15.1/P5/imem.mif ;
+---------------------------------+


+-------------------------+
; MIF/HEX Update Messages ;
+-------------------------+
Info: *******************************************************************
Info: Running Quartus Prime MIF/HEX Update
    Info: Version 15.1.0 Build 185 10/21/2015 SJ Lite Edition
    Info: Processing started: Tue Apr 26 23:35:28 2016
Info: Command: quartus_cdb skeleton -c skeleton --update_mif
Warning (113028): 4071 out of 4096 addresses are uninitialized. The Quartus Prime software will initialize them to "0". There are 1 warnings found, and 1 warnings are reported. File: C:/altera_lite/15.1/P5/imem.mif Line: 1
    Warning (113027): Addresses ranging from 25 to 4095 are not initialized File: C:/altera_lite/15.1/P5/imem.mif Line: 1
Warning (113028): 4072 out of 4096 addresses are uninitialized. The Quartus Prime software will initialize them to "0". There are 1 warnings found, and 1 warnings are reported. File: C:/altera_lite/15.1/P5/dmem.mif Line: 1
    Warning (113027): Addresses ranging from 24 to 4095 are not initialized File: C:/altera_lite/15.1/P5/dmem.mif Line: 1
Info (39024): Processed the following Memory Initialization File(s)
    Info (39025): Processed Memory Initialization File C:/altera_lite/15.1/P5/dmem.mif File: C:/altera_lite/15.1/P5/dmem.mif Line: 0
    Info (39025): Processed Memory Initialization File C:/altera_lite/15.1/P5/imem.mif File: C:/altera_lite/15.1/P5/imem.mif Line: 0
Info: Quartus Prime MIF/HEX Update was successful. 0 errors, 4 warnings
    Info: Peak virtual memory: 863 megabytes
    Info: Processing ended: Tue Apr 26 23:35:31 2016
    Info: Elapsed time: 00:00:03
    Info: Total CPU time (on all processors): 00:00:03


